
> sony-camera-bridge@1.0.0 electron:dist
> npm run build --workspace=packages/web-rcp && npm run dist:win --workspace=packages/electron-app


> @sony-camera-bridge/web-rcp@1.0.0 build
> tsc && vite build

[36mvite v6.4.2 [32mbuilding for production...[36m[39m
transforming...
[32mÔ£ô[39m 37 modules transformed.
rendering chunks...
computing gzip size...
[2mdist/[22m[32mindex.html                 [39m[1m[2m  0.41 kB[22m[1m[22m[2m Ôöé gzip:  0.28 kB[22m
[2mdist/[22m[35massets/index-PvSl5qW6.css  [39m[1m[2m 27.27 kB[22m[1m[22m[2m Ôöé gzip:  5.33 kB[22m
[2mdist/[22m[36massets/index-KsrAkQBS.js   [39m[1m[2m191.70 kB[22m[1m[22m[2m Ôöé gzip: 57.54 kB[22m
[32mÔ£ô built in 1.19s[39m

> @sony-camera-bridge/electron-app@1.0.0 dist:win
> npm run build && electron-builder --win


> @sony-camera-bridge/electron-app@1.0.0 build
> tsc

  ÔÇó electron-builder  version=25.1.8 os=10.0.26200
  ÔÇó loaded configuration  file=C:\sony-camera-bridge\packages\electron-app\electron-builder.yml
  ÔÇó executing @electron/rebuild  electronVersion=34.5.8 arch=x64 buildFromSource=false appDir=./
  ÔÇó installing native dependencies  arch=x64
  ÔÇó completed installing native dependencies
  ÔÇó packaging       platform=win32 arch=x64 electron=34.5.8 appOutDir=release\win-unpacked
  ÔÇó updating asar integrity executable resource  executablePath=release\win-unpacked\Sony Camera Bridge.exe
  ÔÇó signing with signtool.exe  path=release\win-unpacked\Sony Camera Bridge.exe
  ÔÇó no signing info identified, signing is skipped  signHook=false cscInfo=null
  ÔÇó building        target=nsis file=release\Sony Camera Bridge Setup 1.0.0.exe archs=x64 oneClick=false perMachine=false
  ÔÇó downloading     url=https://github.com/electron-userland/electron-builder-binaries/releases/download/nsis-3.0.4.1/nsis-3.0.4.1.7z size=1.3 MB parts=1
  ÔÇó downloaded      url=https://github.com/electron-userland/electron-builder-binaries/releases/download/nsis-3.0.4.1/nsis-3.0.4.1.7z duration=1.076s
  ÔÇó signing with signtool.exe  path=release\win-unpacked\resources\elevate.exe
  ÔÇó no signing info identified, signing is skipped  signHook=false cscInfo=null
  ÔÇó cancelled by SIGINT
